// Jest Snapshot v1, https://goo.gl/fbAQLP

exports[`Task Creation and Initialization Flow should correctly execute task creation and initialization flow: Directory Structure 1`] = `
{
  "t00-test-task": {
    "history": {
      "task_20250330_080513.json": {
        "config": {
          "testKey": "testValue",
        },
        "createdAt": "2025-03-30T08:05:13.415Z",
        "currentSubtaskId": "dddc748e-07bc-4c7c-a146-081b1a450527",
        "folderPath": "/var/folders/zy/qjvdjrrd5jv27gh71zh0pz480000gn/T/event-flow-test-Ttzfwf/t00-test-task",
        "id": "07c700ac-1d78-4eae-acb8-c084ae3fc87b",
        "seqNumber": 0,
        "status": "CREATED",
        "subtasks": [
          {
            "description": "Initial planning phase",
            "id": "dddc748e-07bc-4c7c-a146-081b1a450527",
            "inputType": "string",
            "outputType": "json",
            "seqNumber": 0,
            "status": "IN_PROGRESS",
            "taskId": "07c700ac-1d78-4eae-acb8-c084ae3fc87b",
            "team": {
              "agent": "ASSISTANT",
            },
            "title": "Planning",
          },
          {
            "description": "Setup initial configuration",
            "id": "d8c21d12-751b-4f9f-bd2e-4904ea89eb4a",
            "inputType": "json",
            "outputType": "json",
            "seqNumber": 1,
            "status": "PENDING",
            "taskId": "07c700ac-1d78-4eae-acb8-c084ae3fc87b",
            "team": {
              "agent": "FUNCTION_EXECUTOR",
              "human": "USER",
            },
            "title": "Setup",
          },
        ],
        "title": "Test Task",
        "updatedAt": "2025-03-30T08:05:13.415Z",
      },
    },
    "s00-planning": {
      "c01-20250330_080513.chat.json": {
        "createdAt": "2025-03-30T08:05:13.426Z",
        "id": "chat_1743321913_c732239b",
        "messages": [
          {
            "content": "Initial prompt placeholder",
            "id": "msg_1743321913_ea8c803c",
            "metadata": {
              "isPrompt": true,
              "subtaskId": "dddc748e-07bc-4c7c-a146-081b1a450527",
              "taskId": "07c700ac-1d78-4eae-acb8-c084ae3fc87b",
            },
            "role": "USER",
            "timestamp": "2025-03-30T08:05:13.431Z",
          },
          {
            "content": "Agent response placeholder",
            "id": "msg_1743321913_e59966db",
            "metadata": {
              "subtaskId": "dddc748e-07bc-4c7c-a146-081b1a450527",
              "taskId": "07c700ac-1d78-4eae-acb8-c084ae3fc87b",
            },
            "role": "ASSISTANT",
            "timestamp": "2025-03-30T08:05:13.436Z",
          },
        ],
        "metadata": {},
        "status": "ACTIVE",
        "subtaskId": "dddc748e-07bc-4c7c-a146-081b1a450527",
        "taskId": "07c700ac-1d78-4eae-acb8-c084ae3fc87b",
        "updatedAt": "2025-03-30T08:05:13.436Z",
      },
    },
    "s01-setup": {},
    "task.json": {
      "config": {
        "testKey": "testValue",
      },
      "createdAt": "2025-03-30T08:05:13.415Z",
      "currentSubtaskId": "dddc748e-07bc-4c7c-a146-081b1a450527",
      "folderPath": "/var/folders/zy/qjvdjrrd5jv27gh71zh0pz480000gn/T/event-flow-test-Ttzfwf/t00-test-task",
      "id": "07c700ac-1d78-4eae-acb8-c084ae3fc87b",
      "seqNumber": 0,
      "status": "CREATED",
      "subtasks": [
        {
          "description": "Initial planning phase",
          "id": "dddc748e-07bc-4c7c-a146-081b1a450527",
          "inputType": "string",
          "outputType": "json",
          "seqNumber": 0,
          "status": "IN_PROGRESS",
          "taskId": "07c700ac-1d78-4eae-acb8-c084ae3fc87b",
          "team": {
            "agent": "ASSISTANT",
          },
          "title": "Planning",
        },
        {
          "description": "Setup initial configuration",
          "id": "d8c21d12-751b-4f9f-bd2e-4904ea89eb4a",
          "inputType": "json",
          "outputType": "json",
          "seqNumber": 1,
          "status": "PENDING",
          "taskId": "07c700ac-1d78-4eae-acb8-c084ae3fc87b",
          "team": {
            "agent": "FUNCTION_EXECUTOR",
            "human": "USER",
          },
          "title": "Setup",
        },
      ],
      "title": "Test Task",
      "updatedAt": "2025-03-30T08:05:13.415Z",
    },
  },
}
`;

exports[`Task Creation and Initialization Flow should correctly execute task creation and initialization flow: Event Flow 1`] = `
[
  {
    "taskId": "TASK_ID",
    "timestamp": "TIMESTAMP",
    "type": "SERVER_TASK_FOLDER_CREATED",
  },
  {
    "taskId": "TASK_ID",
    "timestamp": "TIMESTAMP",
    "type": "SERVER_TASK_CREATED",
  },
  {
    "taskId": "TASK_ID",
    "timestamp": "TIMESTAMP",
    "type": "SERVER_TASK_LOADED",
  },
  {
    "chatId": "CHAT_ID",
    "subtaskId": "SUBTASK_ID",
    "taskId": "TASK_ID",
    "timestamp": "TIMESTAMP",
    "type": "SERVER_CHAT_CREATED",
  },
  {
    "chatId": "CHAT_ID",
    "taskId": undefined,
    "timestamp": "TIMESTAMP",
    "type": "SERVER_MESSAGE_SAVED_TO_CHAT_FILE",
  },
  {
    "chatId": "CHAT_ID",
    "taskId": undefined,
    "timestamp": "TIMESTAMP",
    "type": "SERVER_MESSAGE_SAVED_TO_CHAT_FILE",
  },
  {
    "subtaskId": "SUBTASK_ID",
    "taskId": "TASK_ID",
    "timestamp": "TIMESTAMP",
    "type": "SERVER_SUBTASK_UPDATED",
  },
  {
    "subtaskId": "SUBTASK_ID",
    "taskId": "TASK_ID",
    "timestamp": "TIMESTAMP",
    "type": "SERVER_SUBTASK_STARTED",
  },
]
`;
